INFO:  latexindent.pl version 3.24.7, 2025-08-15, a script to indent .tex files
       latexindent.pl lives here: D:/MiKTeX/scripts/latexindent/
       Fri Mar 13 00:18:58 2026
       Filename: D:\Hutech\CV\main.tex
INFO:  Processing switches:
       -s|--silent: Silent mode active (you have used either -s or --silent)
       -w|--overwrite: Overwrite mode active, will make a back up before overwriting
INFO:  Directory for backup files and log file indent.log:
       D:\Hutech\CV
INFO:  Perl modules are being loaded from the following directories:
       D:/Strawberry/perl/lib/FindBin.pm
       D:/Strawberry/perl/vendor/lib/YAML/Tiny.pm
       D:/Strawberry/perl/lib/File/Copy.pm
       D:/Strawberry/perl/lib/File/Basename.pm
       D:/Strawberry/perl/lib/Getopt/Long.pm
       D:/Strawberry/perl/vendor/lib/File/HomeDir.pm
INFO:  LatexIndent perl modules are being loaded from, for example:
       D:/MiKTeX/scripts/latexindent/LatexIndent/Document.pm
INFO:  YAML settings read: defaultSettings.yaml
       Reading defaultSettings.yaml from D:/MiKTeX/scripts/latexindent/defaultSettings.yaml
INFO:  YAML reading settings
       Home directory is C:\Users\thanh
       latexindent.pl didn't find indentconfig.yaml or .indentconfig.yaml
       see all possible locations: https://latexindentpl.readthedocs.io/en/latest/sec-appendices.html#indentconfig-options)
INFO:  Backup procedure (-w flag active):
       D:\Hutech\CV\main.bak0 already exists, incrementing by 1 (see maxNumberOfBackUps)
       D:\Hutech\CV\main.bak1 already exists, incrementing by 1 (see maxNumberOfBackUps)
       D:\Hutech\CV\main.bak2 already exists, incrementing by 1 (see maxNumberOfBackUps)
       D:\Hutech\CV\main.bak3 already exists, incrementing by 1 (see maxNumberOfBackUps)
       D:\Hutech\CV\main.bak4 already exists, incrementing by 1 (see maxNumberOfBackUps)
       D:\Hutech\CV\main.bak5 already exists, incrementing by 1 (see maxNumberOfBackUps)
       Backing up D:\Hutech\CV\main.tex to D:\Hutech\CV\main.bak6...
       D:\Hutech\CV\main.tex will be overwritten after indentation
INFO:  Phase 1: searching for objects
INFO:  Phase 2: finding surrounding indentation
INFO:  Phase 3: indenting objects
INFO:  Phase 4: final indentation check
INFO:  Output routine:
       Overwriting file D:\Hutech\CV\main.tex
       --------------
INFO:  Please direct all communication/issues to:
        https://github.com/cmhughes/latexindent.pl
